[Processo P1] Evento: EXEC | Relógio Lógico: 1 | Detalhes: Internal event
[Processo P2] Evento: EXEC | Relógio Lógico: 1 | Detalhes: Internal event
[Processo P1] Evento: SEND | Relógio Lógico: 2 | Detalhes: process 'P2' sent 'Process 1 sending message to process 2'
[Processo P2] Evento: EXEC | Relógio Lógico: 2 | Detalhes: Internal event
[Processo P1] Evento: EXEC | Relógio Lógico: 3 | Detalhes: Internal event
[Processo P2] Evento: EXEC | Relógio Lógico: 3 | Detalhes: Internal event
[Processo P1] Evento: EXEC | Relógio Lógico: 4 | Detalhes: Internal event
[Processo P2] Evento: EXEC | Relógio Lógico: 4 | Detalhes: Internal event
[Processo P2] Evento: EXEC | Relógio Lógico: 5 | Detalhes: Internal event
[Processo P2] Evento: RECEIVE | Relógio Lógico: 6 | Detalhes: process 'P1' received 'Process 1 sending message to process 2'
[Processo P2] Evento: EXEC | Relógio Lógico: 7 | Detalhes: Internal event
[Processo P2] Evento: SEND | Relógio Lógico: 8 | Detalhes: process 'P3' sent 'Another message from process 2'
[Processo P2] Evento: EXEC | Relógio Lógico: 9 | Detalhes: Internal event
[Processo P3] Evento: RECEIVE | Relógio Lógico: 9 | Detalhes: process 'P2' received 'Another message from process 2'
[Processo P3] Evento: EXEC | Relógio Lógico: 10 | Detalhes: Internal event
[Processo P3] Evento: EXEC | Relógio Lógico: 11 | Detalhes: Internal event
[Processo P3] Evento: SEND | Relógio Lógico: 12 | Detalhes: process 'P1' sent 'Another message from process 3'
[Processo P1] Evento: RECEIVE | Relógio Lógico: 13 | Detalhes: process 'P3' received 'Another message from process 3'
[Processo P3] Evento: EXEC | Relógio Lógico: 13 | Detalhes: Internal event
[Processo P1] Evento: EXEC | Relógio Lógico: 14 | Detalhes: Internal event
[Processo P1] Evento: SEND | Relógio Lógico: 15 | Detalhes: process 'P3' sent 'Another message from process 1'
[Processo P3] Evento: RECEIVE | Relógio Lógico: 16 | Detalhes: process 'P1' received 'Another message from process 1'
[Processo P3] Evento: SEND | Relógio Lógico: 17 | Detalhes: process 'P2' sent 'Another message from process 2'
[Processo P2] Evento: RECEIVE | Relógio Lógico: 18 | Detalhes: process 'P3' received 'Another message from process 2'
[Processo P2] Evento: EXEC | Relógio Lógico: 19 | Detalhes: Internal event
[Processo P2] Evento: SEND | Relógio Lógico: 20 | Detalhes: process 'P1' sent 'Process 1 sending message to process 2'
[Processo P1] Evento: RECEIVE | Relógio Lógico: 21 | Detalhes: process 'P2' received 'Process 1 sending message to process 2'
[Processo P1] Evento: EXEC | Relógio Lógico: 22 | Detalhes: Internal event
